Release 13.1 - xst O.40d (nt)
Copyright (c) 1995-2011 Xilinx, Inc.  All rights reserved.
--> Parameter TMPDIR set to xst/projnav.tmp


Total REAL time to Xst completion: 0.00 secs
Total CPU time to Xst completion: 0.04 secs
 
--> Parameter xsthdpdir set to xst


Total REAL time to Xst completion: 0.00 secs
Total CPU time to Xst completion: 0.05 secs
 
--> Reading design: UART_RX.prj

TABLE OF CONTENTS
  1) Synthesis Options Summary
  2) HDL Compilation
  3) Design Hierarchy Analysis
  4) HDL Analysis
  5) HDL Synthesis
     5.1) HDL Synthesis Report
  6) Advanced HDL Synthesis
     6.1) Advanced HDL Synthesis Report
  7) Low Level Synthesis
  8) Partition Report
  9) Final Report
	9.1) Device utilization summary
	9.2) Partition Resource Summary
	9.3) TIMING REPORT


=========================================================================
*                      Synthesis Options Summary                        *
=========================================================================
---- Source Parameters
Input File Name                    : "UART_RX.prj"
Input Format                       : mixed
Ignore Synthesis Constraint File   : NO

---- Target Parameters
Output File Name                   : "UART_RX"
Output Format                      : NGC
Target Device                      : xc3s50-5-pq208

---- Source Options
Top Module Name                    : UART_RX
Automatic FSM Extraction           : YES
FSM Encoding Algorithm             : Auto
Safe Implementation                : No
FSM Style                          : LUT
RAM Extraction                     : Yes
RAM Style                          : Auto
ROM Extraction                     : Yes
Mux Style                          : Auto
Decoder Extraction                 : YES
Priority Encoder Extraction        : Yes
Shift Register Extraction          : YES
Logical Shifter Extraction         : YES
XOR Collapsing                     : YES
ROM Style                          : Auto
Mux Extraction                     : Yes
Resource Sharing                   : YES
Asynchronous To Synchronous        : NO
Multiplier Style                   : Auto
Automatic Register Balancing       : No

---- Target Options
Add IO Buffers                     : YES
Global Maximum Fanout              : 500
Add Generic Clock Buffer(BUFG)     : 8
Register Duplication               : YES
Slice Packing                      : YES
Optimize Instantiated Primitives   : NO
Use Clock Enable                   : Yes
Use Synchronous Set                : Yes
Use Synchronous Reset              : Yes
Pack IO Registers into IOBs        : Auto
Equivalent register Removal        : YES

---- General Options
Optimization Goal                  : Speed
Optimization Effort                : 1
Keep Hierarchy                     : No
Netlist Hierarchy                  : As_Optimized
RTL Output                         : Yes
Global Optimization                : AllClockNets
Read Cores                         : YES
Write Timing Constraints           : NO
Cross Clock Analysis               : NO
Hierarchy Separator                : /
Bus Delimiter                      : <>
Case Specifier                     : Maintain
Slice Utilization Ratio            : 100
BRAM Utilization Ratio             : 100
Verilog 2001                       : YES
Auto BRAM Packing                  : NO
Slice Utilization Ratio Delta      : 5

=========================================================================


=========================================================================
*                          HDL Compilation                              *
=========================================================================
Compiling vhdl file "C:/terminal/uart_fsm.vhd" in Library work.
Architecture behavioral of Entity uart_fsm is up to date.
Compiling vhdl file "C:/terminal/uart.vhd" in Library work.
Entity <uart_rx> compiled.
Entity <uart_rx> (Architecture <behavioral>) compiled.

=========================================================================
*                     Design Hierarchy Analysis                         *
=========================================================================
Analyzing hierarchy for entity <UART_RX> in library <work> (architecture <behavioral>).

Analyzing hierarchy for entity <UART_FSM> in library <work> (architecture <behavioral>).


=========================================================================
*                            HDL Analysis                               *
=========================================================================
Analyzing Entity <UART_RX> in library <work> (Architecture <behavioral>).
Entity <UART_RX> analyzed. Unit <UART_RX> generated.

Analyzing Entity <UART_FSM> in library <work> (Architecture <behavioral>).
Entity <UART_FSM> analyzed. Unit <UART_FSM> generated.


=========================================================================
*                           HDL Synthesis                               *
=========================================================================

Performing bidirectional port resolution...

Synthesizing Unit <UART_FSM>.
    Related source file is "C:/terminal/uart_fsm.vhd".
    Found finite state machine <FSM_0> for signal <state>.
    -----------------------------------------------------------------------
    | States             | 5                                              |
    | Transitions        | 10                                             |
    | Inputs             | 4                                              |
    | Outputs            | 5                                              |
    | Clock              | CLK                       (rising_edge)        |
    | Reset              | RST                       (positive)           |
    | Reset type         | synchronous                                    |
    | Reset State        | waiting                                        |
    | Power Up State     | waiting                                        |
    | Encoding           | automatic                                      |
    | Implementation     | LUT                                            |
    -----------------------------------------------------------------------
    Found 3-bit register for signal <STATE_NUM>.
    Summary:
	inferred   1 Finite State Machine(s).
	inferred   3 D-type flip-flop(s).
Unit <UART_FSM> synthesized.


Synthesizing Unit <UART_RX>.
    Related source file is "C:/terminal/uart.vhd".
    Found 8-bit register for signal <DOUT>.
    Found 1-bit register for signal <DOUT_VLD>.
    Found 5-bit register for signal <ccnt>.
    Found 5-bit adder for signal <ccnt$share0000> created at line 40.
    Found 4-bit register for signal <dcnt>.
    Found 4-bit adder for signal <dcnt$addsub0000> created at line 60.
    Summary:
	inferred  18 D-type flip-flop(s).
	inferred   2 Adder/Subtractor(s).
Unit <UART_RX> synthesized.

INFO:Xst:1767 - HDL ADVISOR - Resource sharing has identified that some arithmetic operations in this design can share the same physical resources for reduced device utilization. For improved clock frequency you may try to disable resource sharing.

=========================================================================
HDL Synthesis Report

Macro Statistics
# Adders/Subtractors                                   : 2
 4-bit adder                                           : 1
 5-bit adder                                           : 1
# Registers                                            : 12
 1-bit register                                        : 9
 3-bit register                                        : 1
 4-bit register                                        : 1
 5-bit register                                        : 1

=========================================================================

=========================================================================
*                       Advanced HDL Synthesis                          *
=========================================================================

Analyzing FSM <FSM_0> for best encoding.
Optimizing FSM <FSM/state/FSM> on signal <state[1:3]> with gray encoding.
---------------------
 State   | Encoding
---------------------
 waiting | 000
 begins  | 001
 data    | 011
 ends    | 010
 valid   | 110
---------------------

=========================================================================
Advanced HDL Synthesis Report

Macro Statistics
# FSMs                                                 : 1
# Adders/Subtractors                                   : 2
 4-bit adder                                           : 1
 5-bit adder                                           : 1
# Registers                                            : 21
 Flip-Flops                                            : 21

=========================================================================

=========================================================================
*                         Low Level Synthesis                           *
=========================================================================

Optimizing unit <UART_RX> ...

Optimizing unit <UART_FSM> ...

Mapping all equations...
Building and optimizing final netlist ...
Found area constraint ratio of 100 (+ 5) on block UART_RX, actual ratio is 4.

Final Macro Processing ...

=========================================================================
Final Register Report

Macro Statistics
# Registers                                            : 24
 Flip-Flops                                            : 24

=========================================================================

=========================================================================
*                           Partition Report                            *
=========================================================================

Partition Implementation Status
-------------------------------

  No Partitions were found in this design.

-------------------------------

=========================================================================
*                            Final Report                               *
=========================================================================
Final Results
RTL Top Level Output File Name     : UART_RX.ngr
Top Level Output File Name         : UART_RX
Output Format                      : NGC
Optimization Goal                  : Speed
Keep Hierarchy                     : No

Design Statistics
# IOs                              : 12

Cell Usage :
# BELS                             : 83
#      INV                         : 1
#      LUT2                        : 5
#      LUT2_D                      : 1
#      LUT2_L                      : 2
#      LUT3                        : 13
#      LUT3_D                      : 1
#      LUT3_L                      : 3
#      LUT4                        : 39
#      LUT4_D                      : 4
#      LUT4_L                      : 8
#      MUXF5                       : 5
#      VCC                         : 1
# FlipFlops/Latches                : 24
#      FDE                         : 9
#      FDR                         : 12
#      FDRS                        : 3
# Clock Buffers                    : 1
#      BUFGP                       : 1
# IO Buffers                       : 11
#      IBUF                        : 2
#      OBUF                        : 9
=========================================================================

Device utilization summary:
---------------------------

Selected Device : 3s50pq208-5 

 Number of Slices:                       40  out of    768     5%  
 Number of Slice Flip Flops:             24  out of   1536     1%  
 Number of 4 input LUTs:                 77  out of   1536     5%  
 Number of IOs:                          12
 Number of bonded IOBs:                  12  out of    124     9%  
 Number of GCLKs:                         1  out of      8    12%  

---------------------------
Partition Resource Summary:
---------------------------

  No Partitions were found in this design.

---------------------------


=========================================================================
TIMING REPORT

NOTE: THESE TIMING NUMBERS ARE ONLY A SYNTHESIS ESTIMATE.
      FOR ACCURATE TIMING INFORMATION PLEASE REFER TO THE TRACE REPORT
      GENERATED AFTER PLACE-and-ROUTE.

Clock Information:
------------------
-----------------------------------+------------------------+-------+
Clock Signal                       | Clock buffer(FF name)  | Load  |
-----------------------------------+------------------------+-------+
CLK                                | BUFGP                  | 24    |
-----------------------------------+------------------------+-------+

Asynchronous Control Signals Information:
----------------------------------------
No asynchronous control signals found in this design

Timing Summary:
---------------
Speed Grade: -5

   Minimum period: 6.190ns (Maximum Frequency: 161.543MHz)
   Minimum input arrival time before clock: 6.464ns
   Maximum output required time after clock: 6.280ns
   Maximum combinational path delay: No path found

Timing Detail:
--------------
All values displayed in nanoseconds (ns)

=========================================================================
Timing constraint: Default period analysis for Clock 'CLK'
  Clock period: 6.190ns (frequency: 161.543MHz)
  Total number of paths / destination ports: 420 / 27
-------------------------------------------------------------------------
Delay:               6.190ns (Levels of Logic = 3)
  Source:            ccnt_4 (FF)
  Destination:       DOUT_0 (FF)
  Source Clock:      CLK rising
  Destination Clock: CLK rising

  Data Path: ccnt_4 to DOUT_0
                                Gate     Net
    Cell:in->out      fanout   Delay   Delay  Logical Name (Net Name)
    ----------------------------------------  ------------
     FDR:C->Q             13   0.626   1.289  ccnt_4 (ccnt_4)
     LUT4:I0->O            1   0.479   0.704  DOUT_0_not0001129 (DOUT_0_not0001129)
     LUT4_D:I3->O          7   0.479   0.929  DOUT_0_not0001153 (N2)
     LUT4:I3->O            1   0.479   0.681  DOUT_6_not00011 (DOUT_6_not0001)
     FDE:CE                    0.524          DOUT_6
    ----------------------------------------
    Total                      6.190ns (2.587ns logic, 3.603ns route)
                                       (41.8% logic, 58.2% route)

=========================================================================
Timing constraint: Default OFFSET IN BEFORE for Clock 'CLK'
  Total number of paths / destination ports: 43 / 39
-------------------------------------------------------------------------
Offset:              6.464ns (Levels of Logic = 4)
  Source:            RST (PAD)
  Destination:       DOUT_0 (FF)
  Destination Clock: CLK rising

  Data Path: RST to DOUT_0
                                Gate     Net
    Cell:in->out      fanout   Delay   Delay  Logical Name (Net Name)
    ----------------------------------------  ------------
     IBUF:I->O            17   0.715   1.438  RST_IBUF (RST_IBUF)
     LUT4:I0->O            1   0.479   0.740  DOUT_0_not0001144 (DOUT_0_not0001144)
     LUT4_D:I2->O          7   0.479   0.929  DOUT_0_not0001153 (N2)
     LUT4:I3->O            1   0.479   0.681  DOUT_6_not00011 (DOUT_6_not0001)
     FDE:CE                    0.524          DOUT_6
    ----------------------------------------
    Total                      6.464ns (2.676ns logic, 3.788ns route)
                                       (41.4% logic, 58.6% route)

=========================================================================
Timing constraint: Default OFFSET OUT AFTER for Clock 'CLK'
  Total number of paths / destination ports: 9 / 9
-------------------------------------------------------------------------
Offset:              6.280ns (Levels of Logic = 1)
  Source:            DOUT_VLD (FF)
  Destination:       DOUT_VLD (PAD)
  Source Clock:      CLK rising

  Data Path: DOUT_VLD to DOUT_VLD
                                Gate     Net
    Cell:in->out      fanout   Delay   Delay  Logical Name (Net Name)
    ----------------------------------------  ------------
     FDE:C->Q              2   0.626   0.745  DOUT_VLD (DOUT_VLD_OBUF)
     OBUF:I->O                 4.909          DOUT_VLD_OBUF (DOUT_VLD)
    ----------------------------------------
    Total                      6.280ns (5.535ns logic, 0.745ns route)
                                       (88.1% logic, 11.9% route)

=========================================================================


Total REAL time to Xst completion: 3.00 secs
Total CPU time to Xst completion: 3.19 secs
 
--> 

Total memory usage is 135884 kilobytes

Number of errors   :    0 (   0 filtered)
Number of warnings :    0 (   0 filtered)
Number of infos    :    1 (   0 filtered)

