--------------------------------------------------------------------------------
Release 13.1 Trace  (nt)
Copyright (c) 1995-2011 Xilinx, Inc.  All rights reserved.

C:\XilinxISE\bin\nt\unwrapped\trce.exe -intstyle ise -v 3 -s 5 -n 3 -fastpaths
-xml UART_RX.twx UART_RX.ncd -o UART_RX.twr UART_RX.pcf

Design file:              UART_RX.ncd
Physical constraint file: UART_RX.pcf
Device,package,speed:     xc3s50,pq208,-5 (PRODUCTION 1.39 2011-02-03)
Report level:             verbose report

Environment Variable      Effect 
--------------------      ------ 
NONE                      No environment variables were set
--------------------------------------------------------------------------------

INFO:Timing:2698 - No timing constraints found, doing default enumeration.
INFO:Timing:2752 - To get complete path coverage, use the unconstrained paths 
   option. All paths that are not constrained will be reported in the 
   unconstrained paths section(s) of the report.
INFO:Timing:3339 - The clock-to-out numbers in this timing report are based on 
   a 50 Ohm transmission line loading model.  For the details of this model, 
   and for more information on accounting for different loading conditions, 
   please see the device datasheet.
INFO:Timing:3390 - This architecture does not support a default System Jitter 
   value, please add SYSTEM_JITTER constraint to the UCF to modify the Clock 
   Uncertainty calculation.
INFO:Timing:3389 - This architecture does not support 'Discrete Jitter' and 
   'Phase Error' calculations, these terms will be zero in the Clock 
   Uncertainty calculation.  Please make appropriate modification to 
   SYSTEM_JITTER to account for the unsupported Discrete Jitter and Phase 
   Error.



Data Sheet report:
-----------------
All values displayed in nanoseconds (ns)

Setup/Hold to clock CLK
------------+------------+------------+------------------+--------+
            |Max Setup to|Max Hold to |                  | Clock  |
Source      | clk (edge) | clk (edge) |Internal Clock(s) | Phase  |
------------+------------+------------+------------------+--------+
DIN         |    4.751(R)|    0.619(R)|CLK_BUFGP         |   0.000|
RST         |    4.949(R)|    0.560(R)|CLK_BUFGP         |   0.000|
------------+------------+------------+------------------+--------+

Clock CLK to Pad
------------+------------+------------------+--------+
            | clk (edge) |                  | Clock  |
Destination |   to PAD   |Internal Clock(s) | Phase  |
------------+------------+------------------+--------+
DOUT<0>     |    7.325(R)|CLK_BUFGP         |   0.000|
DOUT<1>     |    7.353(R)|CLK_BUFGP         |   0.000|
DOUT<2>     |    7.629(R)|CLK_BUFGP         |   0.000|
DOUT<3>     |    7.679(R)|CLK_BUFGP         |   0.000|
DOUT<4>     |    7.603(R)|CLK_BUFGP         |   0.000|
DOUT<5>     |    7.355(R)|CLK_BUFGP         |   0.000|
DOUT<6>     |    7.324(R)|CLK_BUFGP         |   0.000|
DOUT<7>     |    7.349(R)|CLK_BUFGP         |   0.000|
DOUT_VLD    |    7.752(R)|CLK_BUFGP         |   0.000|
------------+------------+------------------+--------+

Clock to Setup on destination clock CLK
---------------+---------+---------+---------+---------+
               | Src:Rise| Src:Fall| Src:Rise| Src:Fall|
Source Clock   |Dest:Rise|Dest:Rise|Dest:Fall|Dest:Fall|
---------------+---------+---------+---------+---------+
CLK            |    5.378|         |         |         |
---------------+---------+---------+---------+---------+


Analysis completed Sat May 07 15:28:18 2022 
--------------------------------------------------------------------------------

Trace Settings:
-------------------------
Trace Settings 

Peak Memory Usage: 72 MB



